// Jest Snapshot v1, https://goo.gl/fbAQLP

exports[`AppView.prototype.show Should be show correctly 1`] = `"<ul><li>Video about JS</li><li>Another video ...</li><li>I need more video</li></ul>"`;
